../Core/Src/main.c:63:5:_write	24	static
../Core/Src/main.c:79:5:main	48	static
../Core/Src/main.c:169:6:SystemClock_Config	96	static
../Core/Src/main.c:216:13:MX_USART2_UART_Init	8	static
../Core/Src/main.c:264:13:MX_GPIO_Init	48	static
../Core/Src/main.c:301:6:defTaskStart	16	static
../Core/Src/main.c:313:6:OneShotTimerCallback	16	static
../Core/Src/main.c:321:6:PeriodicTimerCallback	16	static
../Core/Src/main.c:337:6:HAL_TIM_PeriodElapsedCallback	16	static
../Core/Src/main.c:354:6:Error_Handler	8	static,ignoring_inline_asm
