../Core/Src/main.c:62:5:_write	24	static
../Core/Src/main.c:77:5:main	64	static
../Core/Src/main.c:166:6:SystemClock_Config	112	static
../Core/Src/main.c:209:13:MX_USART2_UART_Init	8	static
../Core/Src/main.c:244:13:MX_GPIO_Init	48	static
../Core/Src/main.c:275:6:startDefaultTask	16	static
../Core/Src/main.c:286:6:periodicTimerCallback	16	static
../Core/Src/main.c:295:6:OneShotTimerCallback	16	static
../Core/Src/main.c:310:6:HAL_TIM_PeriodElapsedCallback	16	static
../Core/Src/main.c:327:6:Error_Handler	8	static,ignoring_inline_asm
